[    0.000000] Linux version 4.15.0-124-generic (buildd@lgw01-amd64-029) (gcc version 7.5.0 (Ubuntu 7.5.0-3ubuntu1~18.04)) #127-Ubuntu SMP Fri Nov 6 10:54:43 UTC 2020 (Ubuntu 4.15.0-124.127-generic 4.15.18)
[    0.000000] Command line: BOOT_IMAGE=/boot/vmlinuz-4.15.0-124-generic root=LABEL=cloudimg-rootfs ro console=tty1 console=ttyS0
[    0.000000] KERNEL supported cpus:
[    0.000000]   Intel GenuineIntel
[    0.000000]   AMD AuthenticAMD
[    0.000000]   Centaur CentaurHauls
[    0.000000] x86/fpu: Supporting XSAVE feature 0x001: 'x87 floating point registers'
[    0.000000] x86/fpu: Supporting XSAVE feature 0x002: 'SSE registers'
[    0.000000] x86/fpu: Supporting XSAVE feature 0x004: 'AVX registers'
[    0.000000] x86/fpu: xstate_offset[2]:  576, xstate_sizes[2]:  256
[    0.000000] x86/fpu: Enabled xstate features 0x7, context size is 832 bytes, using 'standard' format.
[    0.000000] e820: BIOS-provided physical RAM map:
[    0.000000] BIOS-e820: [mem 0x0000000000000000-0x000000000009fbff] usable
[    0.000000] BIOS-e820: [mem 0x000000000009fc00-0x000000000009ffff] reserved
[    0.000000] BIOS-e820: [mem 0x00000000000f0000-0x00000000000fffff] reserved
[    0.000000] BIOS-e820: [mem 0x0000000000100000-0x000000007ffeffff] usable
[    0.000000] BIOS-e820: [mem 0x000000007fff0000-0x000000007fffffff] ACPI data
[    0.000000] BIOS-e820: [mem 0x00000000fec00000-0x00000000fec00fff] reserved
[    0.000000] BIOS-e820: [mem 0x00000000fee00000-0x00000000fee00fff] reserved
[    0.000000] BIOS-e820: [mem 0x00000000fffc0000-0x00000000ffffffff] reserved
[    0.000000] NX (Execute Disable) protection: active
[    0.000000] SMBIOS 2.5 present.
[    0.000000] DMI: innotek GmbH VirtualBox/VirtualBox, BIOS VirtualBox 12/01/2006
[    0.000000] Hypervisor detected: KVM
[    0.000000] e820: last_pfn = 0x7fff0 max_arch_pfn = 0x400000000
[    0.000000] MTRR: Disabled
[    0.000000] x86/PAT: MTRRs disabled, skipping PAT initialization too.
[    0.000000] CPU MTRRs all blank - virtualized system.
[    0.000000] x86/PAT: Configuration [0-7]: WB  WT  UC- UC  WB  WT  UC- UC  
[    0.000000] found SMP MP-table at [mem 0x0009fff0-0x0009ffff]
[    0.000000] Scanning 1 areas for low memory corruption
[    0.000000] RAMDISK: [mem 0x35a67000-0x36d2afff]
[    0.000000] ACPI: Early table checksum verification disabled
[    0.000000] ACPI: RSDP 0x00000000000E0000 000024 (v02 VBOX  )
[    0.000000] ACPI: XSDT 0x000000007FFF0030 00003C (v01 VBOX   VBOXXSDT 00000001 ASL  00000061)
[    0.000000] ACPI: FACP 0x000000007FFF00F0 0000F4 (v04 VBOX   VBOXFACP 00000001 ASL  00000061)
[    0.000000] ACPI: DSDT 0x000000007FFF0470 0021FF (v02 VBOX   VBOXBIOS 00000002 INTL 20180105)
[    0.000000] ACPI: FACS 0x000000007FFF0200 000040
[    0.000000] ACPI: FACS 0x000000007FFF0200 000040
[    0.000000] ACPI: APIC 0x000000007FFF02400005C (v02 VBOX   VBOXAPIC 00000001 ASL  00000061)
[    0.000000] ACPI: SSDT 0x000000007FFF02A0 0001CC (v01 VBOX   VBOXCPUT 00000002 INTL 20180105)
[   .000000] No NUMA configuration found
[    0.000000] Faking a node at [mem 0x0000000000000000-0x000000007ffeffff]
[    0.000000] NODE_DATA(0) allocated [mem 0x7ffc5000-0x7ffeffff]
[    0.000000] kvm-clock: cpu 0, msr 0:7ff44001, primary cpu clock
[    0.000000] kvm-clock: Using msrs 4b564d01 and 4b564d00
[    0.000000] kvm-clock: using sched offset of 3143080087 cycles
[    0.000000] clocksource: kvm-clock: mask: 0xffffffffffffffff max_cycles: 0x1cd42e4dffb, max_idle_ns: 881590591483 ns
[    0.000000] Zone ranges:
[    0.000000]   DMA      [mem 0x0000000000001000-0x0000000000ffffff]
[    0.000000]   DMA32    [mem 0x0000000001000000-0x000000007ffeffff]
[    0.000000]   Normal   empty
[    0.000000]   Device   empty
[    0.000000] Movable zone start foeach node
[    0.000000] Early memory node ranges
[    0.000000]   node   0: [mem 0x0000000000001000-0x000000000009efff]
[    0.000000]   node   0: [mem 0x0000000000100000-0x000000007ffeffff]
[    0.000000] Reserved but unavailable: 98 pages
[    0.000000] Initmem setup node 0 [mem 0x0000000000001000-0x000000007ffeffff]
[    0.000000] ACPI: PM-Timer IO Port: 0x4008
[    0.000000] IOAPIC[0]: apic_id 2, version 32, address 0xfec00000, GSI 0-23
[    0.000000] ACPI: INT_SRC_OVR (bus 0 bus_irq 0 global_irq 2 dfl dfl)
[    0.000000] ACPI: INT_SRC_OVR (bus 0 bus_irq 9 global_irq 9 low level)
[    0.000000] Using ACPI (MADT) for SMP configuration information
[    0.000000] smpboot: Allowing 2 CPUs, 0 hotplug CPUs
[    0.000000] PM: Registered nosave memory: [mem 0x00000000-0x00000fff]
[    0.000000] PM: Registered nosave memory: [mem 0x0009f000-0x0009ffff]
[    0.000000] PM: Registered nosave memory: [mem 0x000a0000-0x000effff]
[    0.000000] PM: Registered nosave memory: [mem 0x000f0000-0x000fffff]
[    0.000000] e820: [mem 0x80000000-0xfebfffff] available for PCI devices
[    0.000000] Booting parvirtualized kernel on KVM
[   0.000000] clocksource: refined-jiffies: mask: 0xffffffff max_cycles: 0xffffffff, max_idle_ns: 7645519600211568 ns
[    0.000000] random: get_random_bytes called from start_kernel+0x99/0x500 with crng_init=0
[    0.000000] setup_percpu: NR_CPUS:8192 nr_cpumask_bits:2 nr_cpu_ids:2 nr_node_ids:1
[    0.000000] percpu: Embedded 45 pages/cpu s147456 r8192 d28672 u1048576
[    0.000000] PV qspinlock hash table entries: 256 (order: 0, 4096 bytes)
[    0.000000] Built 1 zonelists, mobility grouping on.  Total pages: 515961
[    0.000000] Policy zone: DMA32
[    0.000000] Kernel command line: BOOT_IMAGE=/boot/vmlinuz-4.15.0-124-generic root=LABEL=cloudimg-rootfs ro console=tty1 console=ttyS0
[    0.000000] Memory: 2015224K/2096696K available (12300K kernel code, 2482K rwdata, 4272K rodata, 2436K init, 2724K bss, 81472K reserved, 0K cma-reserved)
[    0.000000] SLUB: HWalign=64, Order=0-3, MinObjects=0, CPUs=2, Nodes=1
[    0.000000] Kernel/User page tables isolation: enabled
[    0.000000] ftrace: allocating 39402 entries in 154 pages
[    0.004000] Hierarchical RCU implementation.
[    0.004000] 	RCU restricting CPUs from NR_CPUS=8192 to nr_cpu_ids=2.
[    0.004000] 	Tasks RCU enabled.
[    0.004000] RCU: Adjusting geometry for rcu_fanout_leaf=16, nr_cpu_ids=2
[    0.004000] NR_IRQS: 524544, nr_irqs: 440, preallocated irqs: 16
[    0.004000] Console: colour VGA+ 80x25
[    0.004000] console [tty1] enabled
[    0.004000] console [ttyS0] enabled
[    0.004000] ACPI: Core revision 20170831
[    0.004000] ACPI: 2 ACPI AML tables successfully acquired and loaded
[    0.004000] APIC: Switch to symmetric I/O mode setup
[    0.004228] xapic enabled
[    0.008006] Switched APIC routing to physical x2apic.
[    0.012845] ..TIMER: vector=0x30 apic1=0 pin1=2 apic2=-1 pin2=-1
[    0.016003] tsc: Detected 3791.218 MHz processor
[    0.016714] Calibrating delay loop (skipped) preset value.. 7582.43 BogoMIPS (lpj=15164872)
[    0.020002] pid_max: default: 32768 minimum: 301
[    0.024032] Security Framework initialized
[    0.024681] Yama: becoming mindful.
[    0.025260] AppArmor: AppArmor initialized
[    0.026569] Dentry cache hash table entries: 262144 (order: 9, 2097152 bytes)
[    0.028544] Inode-cache hash table entries: 131072 (order: 8, 1048576 bytes)
[    0.032029] Mount-cache hash table entries: 4096 (order: 3, 32768 bytes)
[    0.036014] Mountpoint-cache hash table entries: 4096 (order: 3, 32768 bytes)
[    0.040223] Last level iTLB entries: 4KB 1024, 2MB 1024, 4MB 1024
[    0.044007] Last level dTLB entries: 4KB 1024, 2MB 1024, 4MB 1024, 1GB 4
[    0.048005] Spectre V1 : Mitigation: usercopy/swapgs barriers and __user pointer sanitization
[    0.052003] Spectre V2 : Mitigation: Full generic retpoline
[    0.056002] Spectre V2 : Spectre v2 / SpectreRSB mitigation: Filling RSB on context switch
[    0.060006] Speculative Store Bypass: Vulnerable
[    0.060613] SRBDS: Unknown: Dependent on hypervisor status
[    0.064005] MDS: Mitigation: Clear CPU buffers
[    0.068137] Freeing SMP alternatives memory: 36K
[    0.179435] smpboot: CPU0: Intel(R) Core(TM) i3-4370 CPU @ 3.80GHz (family: 0x6, model: 0x3c, stepping: 0x3)
[    0.180000] Performance Events: unsupported p6 CPU model 60 no PMU driver, software events only.
[    0.180000] Hierarchical SRCU implementation.
[    0.180167] NMI watchdog: Perf event create on CPU 0 failed with -2
[    0.181115] NMI watchdog: Perf NMI watchdog permanently disabled
[    0.182069] smp: Bringing up secondary CPUs ...
[    0.182848] x86: Booting SMP configuration:
[    0.183507] .... node  #0, CPUs:      #1
[    0.004000] kvm-clock: cpu 1, msr 0:7ff44041, secondary cpu clock
[    0.186683] smp: Brought up 1 node, 2 CPUs
[    0.186683] smpboot: Max logical packages: 1
[    0.188004] smpboot: Total of 2 processors activated (15164.87 BogoMIPS)
[    0.189144] devtmpfs: initialized
[    0.189144] x86/mm: Memory block size: 128MB
[    0.189408] evm: security.selinux
[    0.189950] evm: security.SMACK64
[    0.190481] evm: security.SMACK64EXEC
[    0.192003] evm: security.SMACK64TRANSMUTE
[    0.194857] evm: security.SMACK64MMAP
[    0.195434] evm: security.apparmor
[    0.196002] evm: security.ima
[    0.196493] evm: security.capability
[    0.197089] clocksource: jiffies: mask: 0xffffffff max_cycles: 0xffffffff, max_idle_ns: 7645041785100000 ns
[    0.197484] futex hash table entries: 512 (order: 3, 32768 bytes)
[    0.200018] pinctrl core: initialized pinctrl subsystem
[    0.200893] RTC time:  8:05:00, date: 12/10/20
[    0.201700] NET: Registered protocol family 16
[    0.202459] audit: initializing netlink subsys (disabled)
[    0.203320] audit: type=2000 audit(1607587502.605:1): state=initialized audit_enabled=0 res=1
[    0.204009] cpuidle: using governor ladder
[    0.204678] cpuidle: using governor menu
[    0.205332] ACPI: bus type PCI registered
[    0.205980] acpiphp: ACPI Hot Plug PCI Controller Driver version: 0.5
[    0.207006] PCI: Using configuration type 1 for base access
[    0.208745] HugeTLB registered 2.00 MiB page size, pre-allocated 0 pages
[    0.209061] ACPI: Added _OSI(Module Device)
[    0.209061] ACPI: Added _OSI(Processor Device)
[    0.212007] ACPI: Added _OSI(3.0 _SCP Extensions)
[    0.212742] ACPI: Added _OSI(Processor Aggregator Device)
[    0.213573] ACPI: Added _OSI(Linux-Dell-Video)
[    0.214265] ACPI: Added _OSI(Linux-Lenovo-NV-HDMI-Audio)
[    0.215074] ACPI: Added _OSI(Linux-HPI-Hybrid-Graphics)
[    0.216211] ACPI: Executed 1 blocks of module-level executable AML code
[    0.219558] ACPI: Interpreter enabled
[    0.220011] ACPI: (supports S0 S5)
[    0.220565] ACPI: Using IOAPIC for interrupt routing
[    0.221495] PCI: Using host bridge windows from ACPI; if necessary, use "pci=nocrs" and report a bug
[    0.223015] ACPI: Enabled 2 GPEs in block 00 to 07
[    0.228347] ACPI: PCI Root Bridge [PCI0] (domain 0000 [bus 00-ff])
[    0.229299] acpi PNP0A03:00: _OSC: OS supports [ASPM ClockPM Segments MSI]
[    0.230354] acpi PNP0A03:00: _OSC: not requesting OS control; OS requires [ExtendedConfig ASPM ClockPM MSI]
[    0.231865] acpi PNP0A03:00: fail to add MMCONFIG information, can't access extended PCI configuration space under this bridge.
[    0.232236] PCI host bridge to bus 0000:00
[    0.236010] pci_bus 0000:00: root bus resource [io  0x0000-0x0cf7 window]
[    0.240006] pci_bus 0000:00: root bus resource [io  0x0d00-0xffff window]
[    0.241063] pci_bus 0000:00: root bus resource [mem 0x000a0000-0x000bffff window]
[    0.242257] pci_bus 0000:00: root bus resource [mem 0x80000000-0xfdffffff window]
[    0.243483] pci_bus 0000:00: root bus resource [bus 00-ff]
[    0.245749] pci 0000:00:01.1: legacy IDE quirk: reg 0x10: [io  0x01f0-0x01f7]
[    0.246842] pci 0000:00:01.1: legacy IDE quirk: reg 0x14: [io  0x03f6]
[    0.248004] pci 0000:00:01.1: legacy IDE quirk: reg 0x18: [io  0x0170-0x0177]
[    0.249838] pci 0000:00:01.1: legacy IDE quirk: reg 0x1c: [io  0x0376]
[    0.278681] pci 0000:00:07.0: quirk: [io  0x4000-0x403f] claimed by PIIX4 ACPI
[    0.280029] pci 0000:00:07.0: quirk: [io  0x4100-0x410f] claimed by PIIX4 SMB
[    0.304294] ACPI: PCI Interrupt Link [LNKA] (IRQs 5 9 10 *11)
[    0.305433] ACPI: PCI Interrupt Link [LNKB] (IRQs 5 9 *10 11)
[    0.306233] ACPI: PCI Interrupt Link [LNKC] (IRQs 5 *9 10 11)
[    0.307095] ACPI: PCI Interrupt Link [LNKD] (IRQs 5 9 10 *11)
[    0.308337] SCSI subsystem initialized
[    0.308986] pci 0000:00:02.0: vgaarb: setting as boot VGA device
[    0.312000] pci 0000:00:02.0: vgaarb: VGA device added: decodes=io+mem,owns=io+mem,locks=none
[    0.312016] pci 0000:00:02.0: vgaarb: bridge control possible
[    0.316001] vgaarb: loaded
[    0.316397] ACPI: bus type USB registered
[    0.316901] usbcore: registered new interface driver usbfs
[    0.320027] usbcore: registered new interface driver hub
[    0.320845] usbcore: registered new device driver usb
[    0.321688] EDAC MC: Ver: 3.0.0
[    0.321688] PCI: Using ACPI for IRQ routing
[    0.321688] NetLabel: Initializing
[    0.324007] NetLabel:  domain hash size = 128
[    0.324673] NetLabel:  protocols = UNLABELED CIPSOv4 CALIPSO
[    0.325527] NetLabel:  unlabeled traffic allowed by default
[    0.326384] clocksource: Switched to clocksource kvm-clock
[    0.333439] VFS: Disk quotas dquot_6.6.0
[    0.334120] VFS: Dquot-cache hash table entries: 512 (order 0, 4096 bytes)
[    0.335239] AppArmor: AppArmor Filesystem Enabled
[    0.336011] pnp: PnP ACPI init
[    0.337244] pnp: PnP ACPI: found 3 devices
[    0.345777] clocksource: acpi_pm: mask: 0xffffff max_cycles: 0xffffff, max_idle_ns: 2085701024 ns
[  0467] NET: Registred protocol family 2

[    0.483476] TCP established hash table entries: 16384 (order: 5, 131072 bytes)
[    0.484446] TCP bind hash table entries: 16384 (order: 6, 262144 bytes)
[    0.542662] TCP: Hash tables configured (established 16384 bind 16384)
[   0.544199] UDP hash table entries: 1024 (order: 3, 32768 bytes)
[    0.564757] UDP-Lite hash table entries: 1024 (order: 3, 32768 bytes)
[    0.565794] NET: Registered protocol family 1
[    0.566521] pci 0000:00:00.0: Limiting direct PCI/PCI transfers
[    0.567441] pci 0000:00:01.0: Activating ISA DMA hang workarounds
[    0.568416] pci 0000:00:02.0: Video device with shadowed ROM at [mem 0x000c0000-0x000dffff]
[    0.569765] Unpacking initramfs...

[    0.782063] Freeing initrd memory: 19216K
[    0.782864] clocksource: tsc: mask: 0xffffffffffffffff max_cycles: 0x6d4be0df9bf, max_idle_ns: 881590904361 ns
[    0.785485] platform rtc_cmos: registered platform RTC device (no PNP device found)
[    0.786663] Scanning for low memory corruption every 60 seconds
[    0.788161] Initialise system trusted keyrings
[    0.788946] Key type blacklist registered
[    0.789672] workingset: timestamp_bits=36 max_order=19 bucket_order=0
[    0.808067] zbud: loaded
[    0.812688] squashfs: version 4.0 (2009/01/31) Phillip Lougher
[    0.828650] fuse init (API version 7.26)
[    0.842281] Key type asymmetric registered
[    0.842810] Asymmetric key parser 'x509' registered
[    0.843409] Block layer SCSI generic (bsg) driver version 0.4 loaded (major 246)
[    0.844413] io scheduler noop registered
[    0.844927] io scheduler deadline registered
[    0.856252] io scheduler cfq registered (default)
[    0.861065] ACPI: AC Adapter [AC] (on-line)
[    0.861833] input: Power Button as /devices/LNXSYSTM:00/LNXPWRBN:00/input/input0
[    0.863131] ACPI: Power Button [PWRF]
[    0.863835] input: Sleep Button as /devices/LNXSYSTM:00/LNXSLPBN:00/input/input1
[    0.865083] ACPI: Sleep Button [SLPF]
[    0.872854] Serial: 8250/16550 driver, 32 ports, IRQ sharing enabled
[    0.898219] 00:02: ttyS0 at I/O 0x3f8 (irq = 4, base_baud = 115200) is a 16550A
[    0.906495] Linux agpgart interface v0.103
[    0.908770] loop: module loaded
[    0.909717] scsi host0: ata_piix
[    0.910351] scsi host1: ata_piix
[    0.916273] ata1: PATA max UDMA/33 cmd 0x1f0 ctl 0x3f6 bmdma 0xd000 irq 14
[    0.924608] ata2: PATA max UDMA/33 cmd 0x170 ctl 0x376 bmdma 0xd008 irq 15
[    0.925714] libphy: Fixed MDIO Bus: probed
[    0.927432] tun: Universal TUN/TAP device driver, 1.6
[    0.928332] PPP generic driver version 2.4.2
[    0.929131] ehci_hcd: USB 2.0 'Enhanced' Host Controller (EHCI) Driver
[    0.930172] ehci-pci: EHCI PCI platform driver
[    0.930903] ehci-platform: EHCI generic platform driver
[    0.931721] ohci_hcd: USB 1.1 'Open' Host Controller (OHCI) Driver
[    0.932711] ohci-pci: OHCI PCI platform driver
[    0.933420] ohci-platform: OHCI generic platform driver
[    0.934234] uhci_hcd: USB Universal Host Controller Interface driver
[    0.935297] i8042: PNP: PS/2 Controller [PNP0303:PS2K,PNP0f03:PS2M] at 0x60,0x64 irq 1,12
[    0.942211] serio: i8042 KBD port at 0x60,0x64 irq 1
[    0.943016] serio: i8042 AUX port at 0x60,0x64 irq 12
[    0.971149] mousedev: PS/2 mouse device common for all mice
[    0.972475] input: AT Translated Set 2 keyboard as /devices/platform/i8042/serio0/input/input2
[    0.976115] rtc_cmos rtc_cmos: rtc core: registered rtc_cmos as rtc0
[    0.981475] rtc_cmos rtc_cmos: alarms up to one day, 114 bytes nvram
[    0.982453] i2c /dev entries driver
[    09983112] device-mapper: uevent: version 1.0.3
[    1.010373] device-mapper:iioctl: 4.37.0-ioctl (2017-09-20) initialised: dm-devel@redhat.com
[    1.089087] ledtrig-cpu: registered to indicate activity on CPUs
[    1.090595] NET: Registered protocol family 10
[    1.113833] Segment Routing with PPv6
[    1.200093] NET: Registered protocol family 17
[    1.200880] Key type dns_resolver registered
[    1.201730] mce: Using 0 MCE banks
[    1.202311] RAS: Correctable Errors collector initialized.
[    1.203177] sched_clock: Marking stable (1201660959, 0)->(3242806639, -2041145680)
[    1.204589] registered taskstats version 1
[    1.205245] Loading compiled-in X.509 certificates
[    1.208078] Loaeed X.50  cert 'Build time autogenerated kernel key: be62403dcace2d46f96dafa9f42421c610ef3c2a'
[    1.381496] zswap: loaded using pool lzo/zbud
[    1.386316] Key type big_key registered
[    1.386844] Key type trusted registered
[    1.388484] Key type encrypted registered
[    1.388992] AppArmor: AppArmor sha1 policy hashing enabled
[    1.389630] ima: No TPM chip found, activating TPM-bypass! (rc=-19)
[    1.406008] ima: Allocated hash algorithm: sha1
[    1.406818] evm: HAA  attrs: 0x1
[    1.463341    Magic number: 0:149:68
[    1.526827] rtc_cmss rtc_cmos: setting system clock to 2020-12-10 08:05:01 UTC (1607587501)
[    1.561718] BIOS EDD facility v0.16 2004-Jun-25, 0 devices found
[    1.562696] EDD information not available.
[    1.565957] Freeing unused kernel image memory: 2436K
[    1.644087] Write protecting the kernel read-only data: 20480k
[    1.645977] Freeing unused kernel image memory: 2008K
[    1.661418] Freeing unused kernel image memory: 1872K
[    1.685676] x86/mm: Checked W+X mappings: passed, no W+X pages found.
[    1.686675] x86/mm: Checking user space page tables
[    1.715807] x86/mm: Checked W+X mappings: passed, no W+X pages found.
Loading, please wait...
starting version 237
[    1.782556] e1000: Intel(R) PRO/1000 Network Driver - version 7.3.21-k8-NAPI
[    1.825237] e1000: Copyright (c) 1999-2006 Intel Corporation.
[    1.829100] Fusion MPT base driver 3.04.20
[    1.862935] Copyright (c) 1999-2008 LSI Corporation
[    1.874011] AVX2 version of gcm_enc/dec engaged.
[    1.878973] AES CTR mode by8 optimization enabled
[    1.882469] Fusion MPT SPI Host driver 3.04.20
[    2.077352] input: ImExPS/2 Generic Explorer Mouse as /devices/platform/i8042/serio1/input/input4
[    2.196618] e1000 0000:00:03.0 eth0: (PCI:33MHz:32-bit) 02:45:4d:8a:ec:99
[    2.261009] e1000 0000:00:03.0 eth0: Intel(R) PRO/1000 Network Connection
[    2.624400] e1000 0000:00:08.0 eth1: (PCI:33MHz:32-bit) 08:00:27:1d:ac:20
[    2.625544] e1000 0000:00:08.0 eth1: Intel(R) PRO/1000 Network Connection
[    2.666523] e1000 0000:00:03.0 enp0s3: renamed from eth0
[    2.671030] mptbase: ioc0: Initiating bringup
[    2.688274] e1000 0000:00:08.0 enp0s8: renamed from eth1
[    2.801748] ioc0: LSI53C1030 A0: Capabilities={Initiator}
[    3.255400] scsi host2: ioc0: LSI53C1030 A0, FwRev=00000000h, Ports=1, MaxQ=256, IRQ=20
[    3.520969] scsi 2:0:0:0: Direct-Access     VBOX     HARDDISK         1.0  PQ: 0 ANSI: 5
[    3.552093] scsi target2:0:0: Beginning Domain Validation
[    3.558720] scsi target2:0:0: Domain Validation skipping write tests
[    3.563039] scsi target2:0:0: Ending Domain Validation
[    3.565411] scsi target2:0:0: asynchronous
[    3.566541] scsi 2:0:1:0: Direct-Access     VBOX     HARDDISK         1.0  PQ: 0 ANSI: 5
[    3.620083] scsi target2:0:1: Beginning Domain Validation
[    3.622413] random: fast init done
[    3.625188] scsi target2:0:1: Domain Validation skipping write tests
[    3.629113] scsi target2:0:1: Ending Domain Validation
[    3.631006] scsi target2:0:1: asynchronous
[    3.637331] random: systemd-udevd: uninitialized urandom read (16 bytes read)
[    3.638333] sd 2:0:0:0: Attached scsi generic sg0 type 0
[    3.638370] random: systemd-udevd: uninitialized urandom read (16 bytes read)
[    3.780439] random: systemd-udevd: uninitialized urandom read (16 bytes read)
[    3.816449] sd 2:0:0:0: [sda] 20971520 512-byte logical blocks: (10.7 GB/10.0 GiB)
[    3.817727] sd 2:0:1:0: Attached scsi generic sg1 type 0
[    3.818611] sd 2:0:0:0: [sda] Write Protect is off
[    3.819408] sd 2:0:1:0: [sdb] 20480 512-byte logical blocks: (10.5 MB/10.0 MiB)
[    3.820742] sd 2:0:0:0: [sda] Incomplete mode parameter data
[    3.821603] sd 2:0:0:0: [sda] Assuming drive cache: write through
[    3.823263] sd 2:0:1:0: [sdb] Write Protect is off
[    3.849547] sd 2:0:1:0: [sdb] Incomplete mode parameter data
[    3.891301] sd 2:0:1:0: [sdb] Assuming drive cache: write through
[    3.893351]  sda: sda1
[    3.921937] sd 2:0:0:0: [sda] Attached SCSI disk
[    3.923605] sd 2:0:1:0: [sdb] Attached SCSI disk
Begin: Loading essential drivers ... [    5.300580] raid6: sse2x1   gen() 14474 MB/s
[    5.350563] raid6: sse2x1   xor()  8663 MB/s
[    5.396051] raid6: sse2x2   gen() 14475 MB/s
[    5.444135] raid6: sse2x2   xor()  9423 MB/s
[    5.492523] raid6: sse2x4   gen() 17390 MB/s
[    5.590593] raid6: sse2x4   xor() 11353 MB/s
[    5.640579] raid6: avx2x1   gen() 17999 MB/s
[    5.768096] raid6: avx2x1   xor() 14113 MB/s
[    5.816121] raid6: avx2x2   gen() 20899 MB/s
[    5.870581] raid6: avx2x2   xor() 16813 MB/s
[    5.920571] raid6: avx2x4   gen() 31667 MB/s
[    5.980626] raid6: avx2x4   xor() 16331 MB/s
[    5.981469] raid6: using algorithm avx2x4 gen() 31667 MB/s
[    5.982393] raid6: .... xor() 16331 MB/s, rmw enabled
[    6.000922] raid6: using avx2x2 recovery algorithm
[    6.003260] xor: automatically using best checksumming function   avx       
[    6.009282] async_tx: api initialized (async)
done.
Begin: Running /scripts/init-premount ... done.
Begin: Mounting root file system ... Begin: Running /scripts/local-top ... done.
Begin: Running /[    6.092897] Btrfs loaded, crc32c=crc32c-intel
scripts/local-premount ... Scanning for Btrfs filesystems
done.
Warning: fsck not present, so skipping root file system[    6.159019] EXT4-fs (sda1): mounted filesystem with ordered data mode. Opts: (null)

done.
Begin: Running /scripts/local-bottom ... done.
Begin: Running /scripts/init-bottom ... done.
[    6.336553] ip_tables: (C) 2000-2006 Netfilter Core Team
[    6.346274] systemd[1]: systemd 237 running in system mode. (+PAM +AUDIT +SELINUX +IMA +APPARMOR +SMACK +SYSVINIT +UTMP +LIBCRYPTSETUP +GCRYPT +GNUTLS +ACL +XZ +LZ4 +SECCOMP +BLKID +ELFUTILS +KMOD -IDN2 +IDN -PCRE2 default-hierarchy=hybrid)
[    6.383681] systemd[1]: Detected virtualization oracle.
[    6.384560] systemd[1]: Detected architecture x86-64.

Welcome to [1mUbuntu 18.04.5 LTS[0m!

[    6.389613] systemd[1]: Set hostname to <www>.
[    6.669002] systemd[1]: Reached target Swap.
[[0;32m  OK  [0m] Reached target Swap.
[    6.675784] systemd[1]: Reached target User and Group Name Lookups.
[[0;32m  OK  [0m] Reached target User and Group Name Lookups.
[    6.740494] systemd[1]: Set up automount Arbitrary Executable File Formats File System Automount Point.
[[0;32m  OK  [0m] Set up automount Arbitrary Executabâ€¦rmats File System Automount Point.
[    6.819374] systemd[1]: Started Forward Password Requests to Wall Directory Watch.
[[0;32m  OK  [0m] Started Forward Password Requests to Wall Directory Watch.
[    6.842505] systemd[1]: Reached target System Time Synchronized.
[[0;32m  OK  [0m] Reached target System Time Synchronized.
[    6.846223] systemd[1]: Created slice User and Session Slice.
[[0;32m  OK  [0m] Created slice User and Session Slice.
[[0;32m  OK  [0m] Created slice System Slice.
[[0;32m  OK  [0m] Listening on Network Service Netlink Socket.
[[0;32m  OK  [0m] Listening on LVM2 poll daemon socket.
[[0;32m  OK  [0m] Listening on LVM2 metadata daemon socket.
[[0;32m  OK  [0m] Created slice system-serial\x2dgetty.slice.
[[0;32m  OK  [0m] Listening on udev Kernel Socket.
[[0;32m  OK  [0m] Listening on udev Control Socket.
[[0;32m  OK  [0m] Listening on /dev/initctl Compatibility Named Pipe.
[[0;32m  OK  [0m] Listening on Device-mapper event daemon FIFOs.
[[0;32m  OK  [0m] Reached target Slices.
[[0;32m  OK  [0m] Listening on Journal Socket (/dev/log).
[[0;32m  OK  [0m] Listening on Syslog Socket.
[[0;32m  OK  [0m] Listening on Journal Socket.
         Mounting POSIX Message Queue File System...
         Starting Set the console keyboard layout...
         Starting Uncomplicated firewall...
         Starting Load Kernel Modules...
         Starting Remount Root and Kernel File Systems...
         Starting Monitoring of LVM2 mirrorsâ€¦ng dmeventd or progress polling...
[    7.131615] Loading iSCSI transport class v2.0-870.
[    7.151527] EXT4-fs (sda1): re-mounted. Opts: (null)
         Starting udev Coldplug all Devices...
         Mounting Kernel Debug File System...
         Starting Create list of required stâ€¦ce nodes for the current k[    7.162189] iscsi: registered transport (tcp)
ernel...
[    7.188148] iscsi: registered transport (iser)
         Mounting Huge Pages File System...
[[0;32m  OK  [0m] Listening on Journal Audit Socket.
         Starting Journal Service...
[[0;32m  OK  [0m] Mounted POSIX Message Queue File System.
[[0;32m  OK  [0m] Started Journal Service.
[[0;32m  OK  [0m] Started Set the console keyboard layout.
[[0;32m  OK  [0m] Started Uncomplicated firewall.
[[0;32m  OK  [0m] Started Load Kernel Modules.
[[0;32m  OK  [0m] Started Remount Root and Kernel File Systems.
[[0;32m  OK  [0m] Mounted Kernel Debug File System.
[[0;32m  OK  [0m] Started Create list of required staâ€¦vice nodes for the current kernel.
[[0;32m  OK  [0m] Mounted Huge Pages File System.
[[0;32m  OK  [0m] Started LVM2 metadata daemon.
         Starting Create Static Device Nodes in /dev...
         Starting Load/Save Random Seed...
         Starting Apply Kernel Variables...
         Mounting FUSE Control File System...
         Mounting Kernel Configuration File System...
         Starting Flush Journal to Persistent Storage...
[[0;32m  OK  [0m] Started udev Coldplug all Devices.
[[0;32m  OK  [0m] Started Create Static Device Nodes in /dev.
[[0;32m  OK  [0m] Started Load/Save Random Seed.
[[0;32m  OK  [0m] Started Monitoring of LVM2 mirrors,â€¦sing dmeventd or progress polling.
[[0;32m  OK  [0m] Started Apply Kernel Variables.
[[0;32m  OK  [0m] Mounted FUSE Control File System.
[[0;32m  OK  [0m] Mounted Kernel Configuration File System.
         Starting udev Kernel Device Manager...
[[0;32m  OK  [0m] Reached target Local File Systems (Pre).
         Mounting /var/www/ansible-ipch...
[[0;32m  OK  [0m] Reached target Local File Systems.
         Starting ebtables ruleset management...
         Starting AppArmor initialization...
         Starting Tell Plymouth To Write Out Runtime Data...
         Starting Set console font and keymap...
         Mounting /vagrant...
[[0;32m  OK  [0m] Started udev Kernel Device Manager.
[[0;1;31mFAILED[0m] Failed to mount /var/www/ansible-ipch.
See 'systemctl status "var-www-ansible\\x2dipch.mount"' for details.
[[0;32m  OK  [0m] Started Tell Plymouth To Write Out Runtime Data.
[[0;32m  OK  [0m] Started Set console font and keymap.
[[0;32m  OK  [0m] Mounted /vagrant.
[[0;32m  OK  [0m] Found device /dev/ttyS0.
[[0;32m  OK  [0m] Started ebtables ruleset management.
[[0;32m  OK  [0m] Started Flush Journal to Persistent Storage.
[[0;32m  OK  [0m] Listening on Load/Save RF Kill Switch Status /dev/rfkill Watch.
         Starting Create Volatile Files and Directories...
[[0;32m  OK  [0m] Started Dispatch Password Requests to Console Directory Watch.
[[0;32m  OK  [0m] Reached target Local Encrypted Volumes.
[[0;32m  OK  [0m] Started Create Volatile Files and Directories.
[[0;32m  OK  [0m] Started AppArmor initialization.
         Starting Load AppArmor profiles managed internally by snapd...
         Starting Update UTMP about System Boot/Shutdown...
         Starting Initial cloud-init job (pre-networking)...
[[0;32m  OK  [0m] Started Load AppArmor profiles managed internally by snapd.
[[0;32m  OK  [0m] Started Update UTMP about System Boot/Shutdown.
[    9.029445] cloud-init[576]: Cloud-init v. 20.3-2-g371b392c-0ubuntu1~18.04.1 running 'init-local' at Thu, 10 Dec 2020 08:05:08 +0000. Up 8.83 seconds.
[[0;32m  OK  [0m] Started Initial cloud-init job (pre-networking).
[[0;32m  OK  [0m] Reached target Network (Pre).
         Starting Network Service...
[[0;32m  OK  [0m] Started Network Service.
         Starting Wait for Network to be Configured...
         Starting Network Name Resolution...
[[0;32m  OK  [0m] Started Network Name Resolution.
[[0;32m  OK  [0m] Reached target Host and Network Name Lookups.
[[0;32m  OK  [0m] Reached target Network.
[[0;32m  OK  [0m] Started Wait for Network to be Configured.
         Starting Initial cloud-init job (metadata service crawler)...
[   11.608827] cloud-init[676]: Cloud-init v. 20.3-2-g371b392c-0ubuntu1~18.04.1 running 'init' at Thu, 10 Dec 2020 08:05:11 +0000. Up 11.45 seconds.
[   11.657694] cloud-init[676]: ci-info: ++++++++++++++++++++++++++++++++++++++Net device info+++++++++++++++++++++++++++++++++++++++
[   11.686910] cloud-init[676]: ci-info: +--------+------+-----------------------------+---------------+--------+-------------------+
[   11.740910] cloud-init[676]: ci-info: | Device |  Up  |           Address           |      Mask     | Scope  |     Hw-Address    |
[   11.764262] cloud-init[676]: ci-info: +--------+------+-----------------------------+---------------+--------+-------------------+
[   11.766284] cloud-init[676]: ci-info: | enp0s3 | True |          10.0.2.15          | 255.255.255.0 | global | 02:45:4d:8a:ec:99 |
[   11.769590] cloud-init[676]: ci-info: | enp0s3 | True |  fe80::45:4dff:fe8a:ec99/64 |       .       |  link  | 02:45:4d:8a:ec:99 |
[   11.771398] cloud-init[676]: ci-info: | enp0s8 | True |         192.168.3.54        | 255.255.255.0 | global | 08:00:27:1d:ac:20 |
[   11.788075] cloud-init[676]: ci-info: | enp0s8 | True | fe80::a00:27ff:fe1d:ac20/64 |       .       |  link  | 08:00:27:1d:ac:20 |
[   11.789910] cloud-init[676]: ci-info: |   lo   | True |          127.0.0.1          |   255.0.0.0   |  host  |         .         |
[[0;32m  OK  [0m[   11.808631] cloud-init[676]: ci-info: |   lo   | True |           ::1/128           |       .       |  host  |         .         |
[   11.809217] cloud-init[676]: ci-info: +--------+------+-----------------------------+---------------+--------+-------------------+
[   11.809359] cloud-init[676]: ci-info: ++++++++++++++++++++++++++++Route IPv4 info+++++++++++++++++++++++++++++
[   11.809529] cloud-init[676]: ci-info: +-------+-------------+----------+-----------------+-----------+-------+
[   11.809661] cloud-init[676]: ci-info: | Route | Destination | Gateway  |     Genmask     | Interface | Flags |
[   11.809811] cloud-init[676]: ci-info: +-------+-------------+----------+-----------------+-----------+-------+
[   11.809964] cloud-init[676]: ci-info: |   0   |   0.0.0.0   | 10.0.2.2 |     0.0.0.0     |   enp0s3  |   UG  |
[   11.810118] cloud-init[676]: ci-info: |   1   |   10.0.2.0  | 0.0.0.0  |  255.255.255.0  |   enp0s3  |   U   |
[   11.810266] cloud-init[676]: ci-info: |   2   |   10.0.2.2  | 0.0.0.0  | 255.255.255.255 |   enp0s3  |   UH  |
] Started Initial cloud-init job (metadata service crawler).
[   11.810415] cloud-init[676]: ci-info: |   3   | 192.168.3.0 | 0.0.0.0  |  255.255.255.0  |   enp0s8  |   U   |
[   11.930841] cloud-init[676]: ci-info: +-------+-------------+----------+-----------------+-----------+-------+
[[   11.950635] cloud-init[676]: ci-info: +++++++++++++++++++Route IPv6 info+++++++++++++++++++
[   11.950916] cloud-init[676]: ci-info: +-------+-------------+---------+-----------+-------+
[   11.951295] cloud-init[676]: ci-info: | Route | Destination | Gateway | Interface | Flags |
[   11.951602] cloud-init[676]: ci-info: +-------+-------------+---------+-----------+-------+
[   11.951905] cloud-init[676]: ci-info: |   1   |  fe80::/64  |    ::   |   enp0s8  |   U   |
[   11.952236] cloud-init[676]: ci-info: |   2   |  fe80::/64  |    ::   |   enp0s3  |   U   |
[   11.952544] cloud-init[676]: ci-info: |   4   |    local    |    ::   |   enp0s3  |   U   |
[   11.952850] cloud-init[676]: ci-info: |   5   |    local    |    ::   |   enp0s8  |   U   |
[   11.953176] cloud-init[676]: ci-info: |   6   |   ff00::/8  |    ::   |   enp0s8  |   U   |
[   11.953476] cloud-init[676]: ci-info: |   7   |   ff00::/8  |    ::   |   enp0s3  |   U   |
[   11.953789] cloud-init[676]: ci-info: +-------+-------------+---------+-----------+-------+
[0;32m  OK  [0m] Reached target System Initialization.
[[0;32m  OK  [0m] Listening on UUID daemon activation socket.
[[0;32m  OK  [0m] Started Message of the Day.
[[0;32m  OK  [0m] Listening on ACPID Listen Socket.
[[0;32m  OK  [0m] Started ACPI Events Check.
[[0;32m  OK  [0m] Reached target Paths.
[[0;32m  OK  [0m] Started Discard unused blocks once a week.
         Starting LXD - unix socket.
         Starting Socket activation for snappy daemon.
[[0;32m  OK  [0m] Started Clean PHP session files every 30 mins.
[[0;32m  OK  [0m] Listening on Open-iSCSI iscsid Socket.
[[0;32m  OK  [0m] Listening on D-Bus System Message Bus Socket.
[[0;32m  OK  [0m] Started Daily apt download activities.
[[0;32m  OK  [0m] Started Daily apt upgrade and clean activities.
[[0;32m  OK  [0m] Started Daily Cleanup of Temporary Directories.
[[0;32m  OK  [0m] Reached target Timers.
[[0;32m  OK  [0m] Reached target Network is Online.
[[0;32m  OK  [0m] Reached target Remote File Systems (Pre).
[[0;32m  OK  [0m] Reached target Remote File Systems.
         Starting Availability of block devices...
[[0;32m  OK  [0m] Reached target Cloud-config availability.
[[0;32m  OK  [0m] Listening on LXD - unix socket.
[[0;32m  OK  [0m] Listening on Socket activation for snappy daemon.
[[0;32m  OK  [0m] Started Availability of block devices.
[[0;32m  OK  [0m] Reached target Sockets.
[[0;32m  OK  [0m] Reached target Basic System.
         Starting Login Service...
[[0;32m  OK  [0m] Started FUSE filesystem for LXC.
[[0;32m  OK  [0m] Started irqbalance daemon.
         Starting LSB: automatic crash report generation...
         Starting OpenBSD Secure Shell server...
[[0;32m  OK  [0m] Started D-Bus System Message Bus.
         Starting MySQL Community Server...
         Starting Dispatcher daemon for systemd-networkd...
         Starting The PHP 7.4 FastCGI Process Manager...
         Starting LXD - container startup/shutdown...
         Starting LSB: Record successful boot for GRUB...
         Starting A high performance web server and a reverse proxy server...
         Starting Virtualbox guest utils...
[[0;32m  OK  [0m] Started Deferred execution scheduler.
         Starting Permit User Sessions...
         Starting Snap Daemon...
         Starting Accounts Service...
         Starting System Logging Service...
[[0;32m  OK  [0m] Started Regular background program processing daemon.
[[0;32m  OK  [0m] Started System Logging Service.
[[0;32m  OK  [0m] Started Permit User Sessions.
[[0;32m  OK  [0m] Started OpenBSD Secure Shell server.
[[0;32m  OK  [0m] Started A high performance web server and a reverse proxy server.
[[0;32m  OK  [0m] Started Login Service.
[[0;32m  OK  [0m] Started Dispatcher daemon for systemd-networkd.
[[0;32m  OK  [0m] Started Unattended Upgrades Shutdown.
         Starting Terminate Plymouth Boot Screen...
         Starting Hold until boot process finishes up...
[[0;32m  OK  [0m] Started Hold until boot process finishes up.
         Starting Set console scheme...
[[0;32m  OK  [0m] Started Serial Getty on ttyS0.
[[0;32m  OK  [0m] Started Terminate Plymouth Boot Screen.
[[0;32m  OK  [0m] Started Set console scheme.
[[0;32m  OK  [0m] Created slice system-getty.slice.
[[0;32m  OK  [0m] Started Getty on tty1.
[[0;32m  OK  [0m] Reached target Login Prompts.
         Starting Authorization Manager...
[[0;32m  OK  [0m] Started Authorization Manager.
[[0;32m  OK  [0m] Started Accounts Service.
[[0;32m  OK  [0m] Started LSB: automatic crash report generation.
[[0;32m  OK  [0m] Started LXD - container startup/shutdown.
[[0;32m  OK  [0m] Started Virtualbox guest utils.
[[0;32m  OK  [0m] Created slice User Slice of vagrant.
[[0;32m  OK  [0m] Started LSB: Record successful boot for GRUB.
[[0;32m  OK  [0m] Started Session 1 of user vagrant.
         Starting User Manager for UID 1000...
[[0;32m  OK  [0m] Started The PHP 7.4 FastCGI Process Manager.
[[0;32m  OK  [0m] Started User Manager for UID 1000.
[[0;32m  OK  [0m] Started MySQL Community Server.
[[0;32m  OK  [0m] Started Snap Daemon.
         Starting Wait until snapd is fully seeded...
[[0;32m  OK  [0m] Started Wait until snapd is fully seeded.
         Starting Apply the settings specified in cloud-config...
[[0;32m  OK  [0m] Reached target Multi-User System.
[[0;32m  OK  [0m] Reached target Graphical Interface.
         Starting Update UTMP about System Runlevel Changes...
[[0;32m  OK  [0m] Started Update UTMP about System Runlevel Changes.
[   14.251221] cloud-init[1312]: Cloud-init v. 20.3-2-g371b392c-0ubuntu1~18.04.1 running 'modules:config' at Thu, 10 Dec 2020 08:05:14 +0000. Up 14.17 seconds.
[[0;32m  OK  [0m] Started Apply the settings specified in cloud-config.
         Starting Execute cloud user/final scripts...
[   14.752945] cloud-init[1393]: Cloud-init v. 20.3-2-g371b392c-0ubuntu1~18.04.1 running 'modules:final' at Thu, 10 Dec 2020 08:05:14 +0000. Up 14.66 seconds.
[   14.771976] cloud-init[1393]: Cloud-init v. 20.3-2-g371b392c-0ubuntu1~18.04.1 finished at Thu, 10 Dec 2020 08:05:14 +0000. Datasource DataSourceNoCloud [seed=/dev/sdb][dsmode=net].  Up 14.74 seconds
[[0;32m  OK  [0m] Started Execute cloud user/final scripts.
[[0;32m  OK  [0m] Reached target Cloud-init target.

Ubuntu 18.04.5 LTS www ttyS0

www login: 